Archive member included because of file (symbol)

c:/winavr-20080610/bin/../lib/gcc/avr/4.3.0/avr4\libgcc.a(_divmodhi4.o)
                              lcd.o (__divmodhi4)
c:/winavr-20080610/bin/../lib/gcc/avr/4.3.0/avr4\libgcc.a(_exit.o)
                              c:/winavr-20080610/bin/../lib/gcc/avr/4.3.0/../../../../avr/lib/avr4/crtm8.o (exit)
c:/winavr-20080610/bin/../lib/gcc/avr/4.3.0/avr4\libgcc.a(_copy_data.o)
                              IR_home.o (__do_copy_data)
c:/winavr-20080610/bin/../lib/gcc/avr/4.3.0/avr4\libgcc.a(_clear_bss.o)
                              IR_home.o (__do_clear_bss)
c:/winavr-20080610/bin/../lib/gcc/avr/4.3.0/avr4\libgcc.a(_gt_sf.o)
                              remote.o (__gtsf2)
c:/winavr-20080610/bin/../lib/gcc/avr/4.3.0/avr4\libgcc.a(_lt_sf.o)
                              remote.o (__ltsf2)
c:/winavr-20080610/bin/../lib/gcc/avr/4.3.0/avr4\libgcc.a(_usi_to_sf.o)
                              remote.o (__floatunsisf)
c:/winavr-20080610/bin/../lib/gcc/avr/4.3.0/avr4\libgcc.a(_udivmodhi4.o)
                              c:/winavr-20080610/bin/../lib/gcc/avr/4.3.0/avr4\libgcc.a(_divmodhi4.o) (__udivmodhi4)
c:/winavr-20080610/bin/../lib/gcc/avr/4.3.0/avr4\libgcc.a(_prologue.o)
                              c:/winavr-20080610/bin/../lib/gcc/avr/4.3.0/avr4\libgcc.a(_gt_sf.o) (__prologue_saves__)
c:/winavr-20080610/bin/../lib/gcc/avr/4.3.0/avr4\libgcc.a(_epilogue.o)
                              c:/winavr-20080610/bin/../lib/gcc/avr/4.3.0/avr4\libgcc.a(_gt_sf.o) (__epilogue_restores__)
c:/winavr-20080610/bin/../lib/gcc/avr/4.3.0/avr4\libgcc.a(_clzsi2.o)
                              c:/winavr-20080610/bin/../lib/gcc/avr/4.3.0/avr4\libgcc.a(_usi_to_sf.o) (__clzsi2)
c:/winavr-20080610/bin/../lib/gcc/avr/4.3.0/avr4\libgcc.a(_pack_sf.o)
                              c:/winavr-20080610/bin/../lib/gcc/avr/4.3.0/avr4\libgcc.a(_usi_to_sf.o) (__pack_f)
c:/winavr-20080610/bin/../lib/gcc/avr/4.3.0/avr4\libgcc.a(_unpack_sf.o)
                              c:/winavr-20080610/bin/../lib/gcc/avr/4.3.0/avr4\libgcc.a(_gt_sf.o) (__unpack_f)
c:/winavr-20080610/bin/../lib/gcc/avr/4.3.0/avr4\libgcc.a(_fpcmp_parts_sf.o)
                              c:/winavr-20080610/bin/../lib/gcc/avr/4.3.0/avr4\libgcc.a(_gt_sf.o) (__fpcmp_parts_f)
c:/winavr-20080610/bin/../lib/gcc/avr/4.3.0/avr4\libgcc.a(_clz.o)
                              c:/winavr-20080610/bin/../lib/gcc/avr/4.3.0/avr4\libgcc.a(_clzsi2.o) (__clz_tab)

Allocating common symbols
Common symbol       size              file

Repeat              0x1               remote.o
ByteNo              0x1               remote.o
Edge                0x1               remote.o
BitNo               0x1               remote.o
IrData              0x4               remote.o
app_3               0x1               IR_home.o
State               0x1               remote.o
PrevCmd             0x1               remote.o
app_2               0x1               IR_home.o
IrCmdQ              0x8               remote.o
app_4               0x1               IR_home.o
Time                0x2               remote.o
RCount              0x1               remote.o
stop                0x2               remote.o
app_1               0x1               IR_home.o

Memory Configuration

Name             Origin             Length             Attributes
text             0x00000000         0x00002000         xr
data             0x00800060         0x0000ffa0         rw !x
eeprom           0x00810000         0x00010000         rw !x
fuse             0x00820000         0x00000400         rw !x
lock             0x00830000         0x00000400         rw !x
signature        0x00840000         0x00000400         rw !x
*default*        0x00000000         0xffffffff

Linker script and memory map

LOAD c:/winavr-20080610/bin/../lib/gcc/avr/4.3.0/../../../../avr/lib/avr4/crtm8.o
LOAD IR_home.o
LOAD eeprom.o
LOAD lcd.o
LOAD remote.o
LOAD c:/winavr-20080610/bin/../lib/gcc/avr/4.3.0/avr4\libgcc.a
LOAD c:/winavr-20080610/bin/../lib/gcc/avr/4.3.0/../../../../avr/lib/avr4\libc.a
LOAD c:/winavr-20080610/bin/../lib/gcc/avr/4.3.0/avr4\libgcc.a

.hash
 *(.hash)

.dynsym
 *(.dynsym)

.dynstr
 *(.dynstr)

.gnu.version
 *(.gnu.version)

.gnu.version_d
 *(.gnu.version_d)

.gnu.version_r
 *(.gnu.version_r)

.rel.init
 *(.rel.init)

.rela.init
 *(.rela.init)

.rel.text
 *(.rel.text)
 *(.rel.text.*)
 *(.rel.gnu.linkonce.t*)

.rela.text
 *(.rela.text)
 *(.rela.text.*)
 *(.rela.gnu.linkonce.t*)

.rel.fini
 *(.rel.fini)

.rela.fini
 *(.rela.fini)

.rel.rodata
 *(.rel.rodata)
 *(.rel.rodata.*)
 *(.rel.gnu.linkonce.r*)

.rela.rodata
 *(.rela.rodata)
 *(.rela.rodata.*)
 *(.rela.gnu.linkonce.r*)

.rel.data
 *(.rel.data)
 *(.rel.data.*)
 *(.rel.gnu.linkonce.d*)

.rela.data
 *(.rela.data)
 *(.rela.data.*)
 *(.rela.gnu.linkonce.d*)

.rel.ctors
 *(.rel.ctors)

.rela.ctors
 *(.rela.ctors)

.rel.dtors
 *(.rel.dtors)

.rela.dtors
 *(.rela.dtors)

.rel.got
 *(.rel.got)

.rela.got
 *(.rela.got)

.rel.bss
 *(.rel.bss)

.rela.bss
 *(.rela.bss)

.rel.plt
 *(.rel.plt)

.rela.plt
 *(.rela.plt)

.text           0x00000000      0xe30
 *(.vectors)
 .vectors       0x00000000       0x26 c:/winavr-20080610/bin/../lib/gcc/avr/4.3.0/../../../../avr/lib/avr4/crtm8.o
                0x00000000                __vectors
                0x00000000                __vector_default
 *(.vectors)
 *(.progmem.gcc*)
 *(.progmem*)
                0x00000026                . = ALIGN (0x2)
                0x00000026                __trampolines_start = .
 *(.trampolines)
 .trampolines   0x00000026        0x0 linker stubs
 *(.trampolines*)
                0x00000026                __trampolines_end = .
 *(.jumptables)
 *(.jumptables*)
 *(.lowtext)
 *(.lowtext*)
                0x00000026                __ctors_start = .
 *(.ctors)
                0x00000026                __ctors_end = .
                0x00000026                __dtors_start = .
 *(.dtors)
                0x00000026                __dtors_end = .
 SORT(*)(.ctors)
 SORT(*)(.dtors)
 *(.init0)
 .init0         0x00000026        0x0 c:/winavr-20080610/bin/../lib/gcc/avr/4.3.0/../../../../avr/lib/avr4/crtm8.o
                0x00000026                __init
 *(.init0)
 *(.init1)
 *(.init1)
 *(.init2)
 .init2         0x00000026        0xc c:/winavr-20080610/bin/../lib/gcc/avr/4.3.0/../../../../avr/lib/avr4/crtm8.o
 *(.init2)
 *(.init3)
 *(.init3)
 *(.init4)
 .init4         0x00000032       0x16 c:/winavr-20080610/bin/../lib/gcc/avr/4.3.0/avr4\libgcc.a(_copy_data.o)
                0x00000032                __do_copy_data
 .init4         0x00000048       0x10 c:/winavr-20080610/bin/../lib/gcc/avr/4.3.0/avr4\libgcc.a(_clear_bss.o)
                0x00000048                __do_clear_bss
 *(.init4)
 *(.init5)
 *(.init5)
 *(.init6)
 *(.init6)
 *(.init7)
 *(.init7)
 *(.init8)
 *(.init8)
 *(.init9)
 .init9         0x00000058        0x4 c:/winavr-20080610/bin/../lib/gcc/avr/4.3.0/../../../../avr/lib/avr4/crtm8.o
 *(.init9)
 *(.text)
 .text          0x0000005c        0x2 c:/winavr-20080610/bin/../lib/gcc/avr/4.3.0/../../../../avr/lib/avr4/crtm8.o
                0x0000005c                __vector_12
                0x0000005c                __bad_interrupt
                0x0000005c                __vector_3
                0x0000005c                __vector_11
                0x0000005c                __vector_13
                0x0000005c                __vector_17
                0x0000005c                __vector_7
                0x0000005c                __vector_5
                0x0000005c                __vector_4
                0x0000005c                __vector_9
                0x0000005c                __vector_2
                0x0000005c                __vector_15
                0x0000005c                __vector_8
                0x0000005c                __vector_14
                0x0000005c                __vector_10
                0x0000005c                __vector_16
                0x0000005c                __vector_18
 .text          0x0000005e      0x188 IR_home.o
                0x0000005e                main
 .text          0x000001e6       0x1e eeprom.o
                0x000001f6                EEPROM_read
                0x000001e6                EEPROM_write
 .text          0x00000204      0x1e6 lcd.o
                0x0000030a                LCDWriteString
                0x000002ba                LCDInit
                0x00000260                LCDByte
                0x00000204                LCDBusyLoop
                0x00000324                LCDWriteInt
                0x000003da                LCDGotoXY
 .text          0x000003ea      0x406 remote.o
                0x00000464                __vector_1
                0x00000436                __vector_6
                0x00000786                ResetIR
                0x000003ea                InitRemote
                0x000007ac                GetRemoteCmd
 .text          0x000007f0        0x0 c:/winavr-20080610/bin/../lib/gcc/avr/4.3.0/avr4\libgcc.a(_divmodhi4.o)
 .text          0x000007f0        0x0 c:/winavr-20080610/bin/../lib/gcc/avr/4.3.0/avr4\libgcc.a(_exit.o)
 .text          0x000007f0        0x0 c:/winavr-20080610/bin/../lib/gcc/avr/4.3.0/avr4\libgcc.a(_copy_data.o)
 .text          0x000007f0        0x0 c:/winavr-20080610/bin/../lib/gcc/avr/4.3.0/avr4\libgcc.a(_clear_bss.o)
 .text          0x000007f0       0x56 c:/winavr-20080610/bin/../lib/gcc/avr/4.3.0/avr4\libgcc.a(_gt_sf.o)
                0x000007f0                __gtsf2
 .text          0x00000846       0x56 c:/winavr-20080610/bin/../lib/gcc/avr/4.3.0/avr4\libgcc.a(_lt_sf.o)
                0x00000846                __ltsf2
 .text          0x0000089c       0xea c:/winavr-20080610/bin/../lib/gcc/avr/4.3.0/avr4\libgcc.a(_usi_to_sf.o)
                0x0000089c                __floatunsisf
 .text          0x00000986        0x0 c:/winavr-20080610/bin/../lib/gcc/avr/4.3.0/avr4\libgcc.a(_udivmodhi4.o)
 .text          0x00000986        0x0 c:/winavr-20080610/bin/../lib/gcc/avr/4.3.0/avr4\libgcc.a(_prologue.o)
 .text          0x00000986        0x0 c:/winavr-20080610/bin/../lib/gcc/avr/4.3.0/avr4\libgcc.a(_epilogue.o)
 .text          0x00000986       0x9e c:/winavr-20080610/bin/../lib/gcc/avr/4.3.0/avr4\libgcc.a(_clzsi2.o)
                0x00000986                __clzsi2
 .text          0x00000a24      0x1aa c:/winavr-20080610/bin/../lib/gcc/avr/4.3.0/avr4\libgcc.a(_pack_sf.o)
                0x00000a24                __pack_f
 .text          0x00000bce       0xf0 c:/winavr-20080610/bin/../lib/gcc/avr/4.3.0/avr4\libgcc.a(_unpack_sf.o)
                0x00000bce                __unpack_f
 .text          0x00000cbe       0xb2 c:/winavr-20080610/bin/../lib/gcc/avr/4.3.0/avr4\libgcc.a(_fpcmp_parts_sf.o)
                0x00000cbe                __fpcmp_parts_f
 .text          0x00000d70        0x0 c:/winavr-20080610/bin/../lib/gcc/avr/4.3.0/avr4\libgcc.a(_clz.o)
                0x00000d70                . = ALIGN (0x2)
 *(.text.*)
 .text.libgcc   0x00000d70       0x26 c:/winavr-20080610/bin/../lib/gcc/avr/4.3.0/avr4\libgcc.a(_divmodhi4.o)
                0x00000d70                __divmodhi4
                0x00000d70                _div
 .text.libgcc   0x00000d96        0x0 c:/winavr-20080610/bin/../lib/gcc/avr/4.3.0/avr4\libgcc.a(_exit.o)
 .text.libgcc   0x00000d96        0x0 c:/winavr-20080610/bin/../lib/gcc/avr/4.3.0/avr4\libgcc.a(_copy_data.o)
 .text.libgcc   0x00000d96        0x0 c:/winavr-20080610/bin/../lib/gcc/avr/4.3.0/avr4\libgcc.a(_clear_bss.o)
 .text.libgcc   0x00000d96       0x28 c:/winavr-20080610/bin/../lib/gcc/avr/4.3.0/avr4\libgcc.a(_udivmodhi4.o)
                0x00000d96                __udivmodhi4
 .text.libgcc   0x00000dbe       0x38 c:/winavr-20080610/bin/../lib/gcc/avr/4.3.0/avr4\libgcc.a(_prologue.o)
                0x00000dbe                __prologue_saves__
 .text.libgcc   0x00000df6       0x36 c:/winavr-20080610/bin/../lib/gcc/avr/4.3.0/avr4\libgcc.a(_epilogue.o)
                0x00000df6                __epilogue_restores__
                0x00000e2c                . = ALIGN (0x2)
 *(.fini9)
 .fini9         0x00000e2c        0x0 c:/winavr-20080610/bin/../lib/gcc/avr/4.3.0/avr4\libgcc.a(_exit.o)
                0x00000e2c                exit
                0x00000e2c                _exit
 *(.fini9)
 *(.fini8)
 *(.fini8)
 *(.fini7)
 *(.fini7)
 *(.fini6)
 *(.fini6)
 *(.fini5)
 *(.fini5)
 *(.fini4)
 *(.fini4)
 *(.fini3)
 *(.fini3)
 *(.fini2)
 *(.fini2)
 *(.fini1)
 *(.fini1)
 *(.fini0)
 .fini0         0x00000e2c        0x4 c:/winavr-20080610/bin/../lib/gcc/avr/4.3.0/avr4\libgcc.a(_exit.o)
 *(.fini0)
                0x00000e30                _etext = .

.data           0x00800060      0x13a load address 0x00000e30
                0x00800060                PROVIDE (__data_start, .)
 *(.data)
 .data          0x00800060        0x0 c:/winavr-20080610/bin/../lib/gcc/avr/4.3.0/../../../../avr/lib/avr4/crtm8.o
 .data          0x00800060       0x38 IR_home.o
 .data          0x00800098        0x0 eeprom.o
 .data          0x00800098        0x0 lcd.o
 .data          0x00800098        0x2 remote.o
                0x00800099                QEnd
                0x00800098                QFront
 .data          0x0080009a        0x0 c:/winavr-20080610/bin/../lib/gcc/avr/4.3.0/avr4\libgcc.a(_divmodhi4.o)
 .data          0x0080009a        0x0 c:/winavr-20080610/bin/../lib/gcc/avr/4.3.0/avr4\libgcc.a(_exit.o)
 .data          0x0080009a        0x0 c:/winavr-20080610/bin/../lib/gcc/avr/4.3.0/avr4\libgcc.a(_copy_data.o)
 .data          0x0080009a        0x0 c:/winavr-20080610/bin/../lib/gcc/avr/4.3.0/avr4\libgcc.a(_clear_bss.o)
 .data          0x0080009a        0x0 c:/winavr-20080610/bin/../lib/gcc/avr/4.3.0/avr4\libgcc.a(_gt_sf.o)
 .data          0x0080009a        0x0 c:/winavr-20080610/bin/../lib/gcc/avr/4.3.0/avr4\libgcc.a(_lt_sf.o)
 .data          0x0080009a        0x0 c:/winavr-20080610/bin/../lib/gcc/avr/4.3.0/avr4\libgcc.a(_usi_to_sf.o)
 .data          0x0080009a        0x0 c:/winavr-20080610/bin/../lib/gcc/avr/4.3.0/avr4\libgcc.a(_udivmodhi4.o)
 .data          0x0080009a        0x0 c:/winavr-20080610/bin/../lib/gcc/avr/4.3.0/avr4\libgcc.a(_prologue.o)
 .data          0x0080009a        0x0 c:/winavr-20080610/bin/../lib/gcc/avr/4.3.0/avr4\libgcc.a(_epilogue.o)
 .data          0x0080009a        0x0 c:/winavr-20080610/bin/../lib/gcc/avr/4.3.0/avr4\libgcc.a(_clzsi2.o)
 .data          0x0080009a        0x0 c:/winavr-20080610/bin/../lib/gcc/avr/4.3.0/avr4\libgcc.a(_pack_sf.o)
 .data          0x0080009a        0x0 c:/winavr-20080610/bin/../lib/gcc/avr/4.3.0/avr4\libgcc.a(_unpack_sf.o)
 .data          0x0080009a        0x0 c:/winavr-20080610/bin/../lib/gcc/avr/4.3.0/avr4\libgcc.a(_fpcmp_parts_sf.o)
 .data          0x0080009a      0x100 c:/winavr-20080610/bin/../lib/gcc/avr/4.3.0/avr4\libgcc.a(_clz.o)
                0x0080009a                __clz_tab
 *(.data*)
 *(.rodata)
 *(.rodata*)
 *(.gnu.linkonce.d*)
                0x0080019a                . = ALIGN (0x2)
                0x0080019a                _edata = .
                0x0080019a                PROVIDE (__data_end, .)

.bss            0x0080019a       0x1c load address 0x00000f6a
                0x0080019a                PROVIDE (__bss_start, .)
 *(.bss)
 .bss           0x0080019a        0x0 c:/winavr-20080610/bin/../lib/gcc/avr/4.3.0/../../../../avr/lib/avr4/crtm8.o
 .bss           0x0080019a        0x1 IR_home.o
                0x0080019a                cmd
 .bss           0x0080019b        0x0 eeprom.o
 .bss           0x0080019b        0x0 lcd.o
 .bss           0x0080019b        0x0 remote.o
 .bss           0x0080019b        0x0 c:/winavr-20080610/bin/../lib/gcc/avr/4.3.0/avr4\libgcc.a(_divmodhi4.o)
 .bss           0x0080019b        0x0 c:/winavr-20080610/bin/../lib/gcc/avr/4.3.0/avr4\libgcc.a(_exit.o)
 .bss           0x0080019b        0x0 c:/winavr-20080610/bin/../lib/gcc/avr/4.3.0/avr4\libgcc.a(_copy_data.o)
 .bss           0x0080019b        0x0 c:/winavr-20080610/bin/../lib/gcc/avr/4.3.0/avr4\libgcc.a(_clear_bss.o)
 .bss           0x0080019b        0x0 c:/winavr-20080610/bin/../lib/gcc/avr/4.3.0/avr4\libgcc.a(_gt_sf.o)
 .bss           0x0080019b        0x0 c:/winavr-20080610/bin/../lib/gcc/avr/4.3.0/avr4\libgcc.a(_lt_sf.o)
 .bss           0x0080019b        0x0 c:/winavr-20080610/bin/../lib/gcc/avr/4.3.0/avr4\libgcc.a(_usi_to_sf.o)
 .bss           0x0080019b        0x0 c:/winavr-20080610/bin/../lib/gcc/avr/4.3.0/avr4\libgcc.a(_udivmodhi4.o)
 .bss           0x0080019b        0x0 c:/winavr-20080610/bin/../lib/gcc/avr/4.3.0/avr4\libgcc.a(_prologue.o)
 .bss           0x0080019b        0x0 c:/winavr-20080610/bin/../lib/gcc/avr/4.3.0/avr4\libgcc.a(_epilogue.o)
 .bss           0x0080019b        0x0 c:/winavr-20080610/bin/../lib/gcc/avr/4.3.0/avr4\libgcc.a(_clzsi2.o)
 .bss           0x0080019b        0x0 c:/winavr-20080610/bin/../lib/gcc/avr/4.3.0/avr4\libgcc.a(_pack_sf.o)
 .bss           0x0080019b        0x0 c:/winavr-20080610/bin/../lib/gcc/avr/4.3.0/avr4\libgcc.a(_unpack_sf.o)
 .bss           0x0080019b        0x0 c:/winavr-20080610/bin/../lib/gcc/avr/4.3.0/avr4\libgcc.a(_fpcmp_parts_sf.o)
 .bss           0x0080019b        0x0 c:/winavr-20080610/bin/../lib/gcc/avr/4.3.0/avr4\libgcc.a(_clz.o)
 *(.bss*)
 *(COMMON)
 COMMON         0x0080019b        0x4 IR_home.o
                0x0080019b                app_3
                0x0080019c                app_2
                0x0080019d                app_4
                0x0080019e                app_1
 COMMON         0x0080019f       0x17 remote.o
                0x0080019f                Repeat
                0x008001a0                ByteNo
                0x008001a1                Edge
                0x008001a2                BitNo
                0x008001a3                IrData
                0x008001a7                State
                0x008001a8                PrevCmd
                0x008001a9                IrCmdQ
                0x008001b1                Time
                0x008001b3                RCount
                0x008001b4                stop
                0x008001b6                PROVIDE (__bss_end, .)
                0x00000e30                __data_load_start = LOADADDR (.data)
                0x00000f6a                __data_load_end = (__data_load_start + SIZEOF (.data))

.noinit         0x008001b6        0x0
                0x008001b6                PROVIDE (__noinit_start, .)
 *(.noinit*)
                0x008001b6                PROVIDE (__noinit_end, .)
                0x008001b6                _end = .
                0x008001b6                PROVIDE (__heap_start, .)

.eeprom         0x00810000        0x0
 *(.eeprom*)
                0x00810000                __eeprom_end = .

.fuse
 *(.fuse)
 *(.lfuse)
 *(.hfuse)
 *(.efuse)

.lock
 *(.lock*)

.signature
 *(.signature*)

.stab
 *(.stab)

.stabstr
 *(.stabstr)

.stab.excl
 *(.stab.excl)

.stab.exclstr
 *(.stab.exclstr)

.stab.index
 *(.stab.index)

.stab.indexstr
 *(.stab.indexstr)

.comment
 *(.comment)

.debug
 *(.debug)

.line
 *(.line)

.debug_srcinfo
 *(.debug_srcinfo)

.debug_sfnames
 *(.debug_sfnames)

.debug_aranges  0x00000000       0x80
 *(.debug_aranges)
 .debug_aranges
                0x00000000       0x20 IR_home.o
 .debug_aranges
                0x00000020       0x20 eeprom.o
 .debug_aranges
                0x00000040       0x20 lcd.o
 .debug_aranges
                0x00000060       0x20 remote.o

.debug_pubnames
                0x00000000      0x1cb
 *(.debug_pubnames)
 .debug_pubnames
                0x00000000       0x4b IR_home.o
 .debug_pubnames
                0x0000004b       0x33 eeprom.o
 .debug_pubnames
                0x0000007e       0x6b lcd.o
 .debug_pubnames
                0x000000e9       0xe2 remote.o

.debug_info     0x00000000      0xa71
 *(.debug_info)
 .debug_info    0x00000000      0x135 IR_home.o
 .debug_info    0x00000135       0xbe eeprom.o
 .debug_info    0x000001f3      0x607 lcd.o
 .debug_info    0x000007fa      0x277 remote.o
 *(.gnu.linkonce.wi.*)

.debug_abbrev   0x00000000      0x414
 *(.debug_abbrev)
 .debug_abbrev  0x00000000       0xbe IR_home.o
 .debug_abbrev  0x000000be       0x76 eeprom.o
 .debug_abbrev  0x00000134      0x1a3 lcd.o
 .debug_abbrev  0x000002d7      0x13d remote.o

.debug_line     0x00000000      0xa4e
 *(.debug_line)
 .debug_line    0x00000000      0x271 IR_home.o
 .debug_line    0x00000271       0xb8 eeprom.o
 .debug_line    0x00000329      0x3d3 lcd.o
 .debug_line    0x000006fc      0x352 remote.o

.debug_frame    0x00000000      0x120
 *(.debug_frame)
 .debug_frame   0x00000000       0x20 IR_home.o
 .debug_frame   0x00000020       0x30 eeprom.o
 .debug_frame   0x00000050       0x70 lcd.o
 .debug_frame   0x000000c0       0x60 remote.o

.debug_str      0x00000000      0x244
 *(.debug_str)
 .debug_str     0x00000000       0xbb IR_home.o
                                 0xef (size before relaxing)
 .debug_str     0x000000bb       0x36 eeprom.o
                                 0xd4 (size before relaxing)
 .debug_str     0x000000f1       0xb6 lcd.o
                                0x180 (size before relaxing)
 .debug_str     0x000001a7       0x9d remote.o
                                0x145 (size before relaxing)

.debug_loc      0x00000000      0x3a2
 *(.debug_loc)
 .debug_loc     0x00000000       0x18 IR_home.o
 .debug_loc     0x00000018       0x18 eeprom.o
 .debug_loc     0x00000030      0x2d5 lcd.o
 .debug_loc     0x00000305       0x9d remote.o

.debug_macinfo
 *(.debug_macinfo)
OUTPUT(IR_home.elf elf32-avr)
LOAD linker stubs

.debug_ranges   0x00000000       0x90
 .debug_ranges  0x00000000       0x90 lcd.o
